Script started on Wed Sep  7 20:55:04 2022
[1m[7m%[27m[1m[0m                                                                                         [0m[27m[24m[Jashikreji@Macs-MacBook-Pro-2 todo-backend % [K[?2004hddocker containe r r ls[?2004l
CONTAINER ID   IMAGE     COMMAND                  CREATED       STATUS       PORTS                     NAMES
bfc420ea3696   mongo     "docker-entrypoint.sâ€¦"   4 hours ago   Up 4 hours   0.0.0.0:3456->27017/tcp   todo-backend-mongo-1
[1m[7m%[27m[1m[0m                                                                                         [0m[27m[24m[Jashikreji@Macs-MacBook-Pro-2 todo-backend % [K[?2004hddocker exec -it [7mtodo-backend-mongo-1[27m[20D[27mt[27mo[27md[27mo[27m-[27mb[27ma[27mc[27mk[27me[27mn[27md[27m-[27mm[27mo[27mn[27mg[27mo[27m-[27m1[?2004l
"docker exec" requires at least 2 arguments.
See 'docker exec --help'.

Usage:  docker exec [OPTIONS] CONTAINER COMMAND [ARG...]

Run a command in a running container
[1m[7m%[27m[1m[0m                                                                                         [0m[27m[24m[Jashikreji@Macs-MacBook-Pro-2 todo-backend % [K[?2004hddocker exec -kt  jt  t it bf bash[?2004l
root@bfc420ea3696:/# mongo
bash: mongo: command not found
root@bfc420ea3696:/# mongo -u root -p example
bash: mongo: command not found
root@bfc420ea3696:/# mongosh
]0;mongosh mongodb://127.0.0.1:27017/?directConnection=true&serverSelectionTimeoutMS=2000Current Mongosh Log ID:	6318ce37cbce800f1656b970
Connecting to:		[1m[32mmongodb://127.0.0.1:27017/?directConnection=true&serverSelectionTimeoutMS=2000&appName=mongosh+1.5.4[0m
Using MongoDB:		6.0.1
[1m[33mUsing Mongosh[0m:		1.5.4

For mongosh info see: [1mhttps://docs.mongodb.com/mongodb-shell/[0m


To help improve our products, anonymous usage data is collected and sent to MongoDB periodically (https://www.mongodb.com/legal/privacy-policy).
You can opt-out by running the [1mdisableTelemetry()[0m command.

[1G[0J [1G[1G[0Jtest> [7Gshow dbs
Uncaught [1m[31mMongoServerError[0m: command listDatabases requires authentication
[1G[0Jtest> [7Gexit
root@bfc420ea3696:/# mpo  ongosh -u root -p example
]0;mongosh mongodb://<credentials>@127.0.0.1:27017/?directConnection=true&serverSelectionTimeoutMS=2000Current Mongosh Log ID:	6318cee89b2452ae50609fea
Connecting to:		[1m[32mmongodb://<credentials>@127.0.0.1:27017/?directConnection=true&serverSelectionTimeoutMS=2000&appName=mongosh+1.5.4[0m
Using MongoDB:		6.0.1
[1m[33mUsing Mongosh[0m:		1.5.4

For mongosh info see: [1mhttps://docs.mongodb.com/mongodb-shell/[0m

[1G[0J [1G[1m[33m------[0m
   [1m[33mThe server generated these startup warnings when booting[0m
   2022-09-07T12:47:07.807+00:00: vm.max_map_count is too low
[1m[33m------[0m

[1m[33m------[0m
   Enable MongoDB's free cloud-based monitoring service, which will then receive and display
   metrics about your deployment (disk utilization, CPU, operation statistics, etc).
   
   The monitoring data will be available on a MongoDB website with a unique URL accessible to you
   and anyone you share the URL with. MongoDB may use this information to make product
   improvements and to suggest MongoDB products and deployment options to you.
   
   To enable free monitoring, run the following command: db.enableFreeMonitoring()
   To permanently disable this reminder, run the following command: db.disableFreeMonitoring()
[1m[33m------[0m

[1G[0Jtest> [7Gshow dbs
[1madmin[0m         100.00 KiB
[1mconfig[0m         72.00 KiB
[1mlocal[0m          72.00 KiB
[1mthe_database[0m   56.00 KiB
[1G[0Jtest> [7Guse the [1G[0Jtest> use the[14G[1G[0Jtest> use th[13G[1G[0Jtest> use t[12G[1G[0Jtest> use [11G[1G[0Jtest> use[10Gthe[1G[0Jtest> useth[12G[1G[0Jtest> uset[11G[1G[0Jtest> use[10Gt h[1G[0Jtest> uset [12G[1G[0Jtest> uset[11G[1G[0Jtest> use[10G the_database
switched to db the_database
[1G[0Jthe_database> [15Gshow collections
[1mtodos[0m
[1G[0Jthe_database> [15Gdb.fin[1G[0Jthe_database> db.fi[20G[1G[0Jthe_database> db.f[19G[1G[0Jthe_database> db.[18G[1G[0Jthe_database> db[17G.todos.find({})
[
  {
    _id: ObjectId("6317e700645469977dd2b64e"),
    text: [32m'Write code'[39m,
    done: [33mtrue[39m
  },
  {
    _id: ObjectId("6317e700645469977dd2b64f"),
    text: [32m'write more code'[39m,
    done: [33mtrue[39m
  }
]
[1G[0Jthe_database> [15Gdb.todos.insertOne(P[1G[0Jthe_database> db.todos.insertOne([34G{text[33mtext[39m:[1G[0Jthe_database> db.todos.insertOne({text[39G[1G[0Jthe_database> db.todos.insertOne({tex[38G[1G[0Jthe_database> db.todos.insertOne({te[37G[1G[0Jthe_database> db.todos.insertOne({t[36G[1G[0Jthe_database> db.todos.insertOne({[35G text[33mtext[39m: [32m"[39m[32mI[39m[32mn[39m[32mc[39m[32mr[39m[32me[39m[32ma[39m[32ms[39m[32me[39m [32mt[39m[32mh[39m[32me[39m [32mn[39m[32mu[39m[32mm[39m[32mb[39m[32me[39m[32mr[39m [32mo[39m[32mf[39m [32mt[39m[32mo[39m[32mo[39m[32ml[39m[32ms[39m [32mi[39m[32mn[39m [32mm[39m[32my[39m [32mt[39m[32mo[39m[32mo[39m[32ml[39m[32mb[39m[32me[39m[32ml[39m[32mt[39m[32m"[39m, [1G[0Jthe_database> db.todos.insertOne({ [33mtext[39m: [32m"Increase the number of tools in my toolbelt"[39m, s [1Gtatus[33mstatus[39m: fals[33mfalse[39m })
{
  acknowledged: [33mtrue[39m,
  insertedId: ObjectId("6318d028c7cd465c4465c0cb")
}
[1G[0Jthe_database> [15Gshow collections
[1mtodos[0m
[1G[0Jthe_database> [15Gdb.todos.find({})
[
  {
    _id: ObjectId("6317e700645469977dd2b64e"),
    text: [32m'Write code'[39m,
    done: [33mtrue[39m
  },
  {
    _id: ObjectId("6317e700645469977dd2b64f"),
    text: [32m'write more code'[39m,
    done: [33mtrue[39m
  },
  {
    _id: ObjectId("6318d028c7cd465c4465c0cb"),
    text: [32m'Increase the number of tools in my toolbelt'[39m,
    status: [33mfalse[39m
  }
]
[1G[0Jthe_database> [15Gexit
root@bfc420ea3696:/# exit
exit
[1m[7m%[27m[1m[0m                                                                                         [0m[27m[24m[Jashikreji@Macs-MacBook-Pro-2 todo-backend % [K[?2004heexit[?2004l

Script done on Wed Sep  7 21:10:02 2022
